C51 COMPILER V9.56.0.0   HUMIDUTY                                                          06/07/2020 12:51:14 PAGE 1   


C51 COMPILER V9.56.0.0, COMPILATION OF MODULE HUMIDUTY
OBJECT MODULE PLACED IN .\Objects\humiduty.obj
COMPILER INVOKED BY: d:\Keil_C51\C51\BIN\C51.EXE prj\humiduty.c ROM(SMALL) OPTIMIZE(8,SPEED) BROWSE DEBUG OBJECTEXTEND P
                    -RINT(.\Listings\humiduty.lst) TABS(2) OBJECT(.\Objects\humiduty.obj)

line level    source

   1          /*****************************************************************************
   2            * @file:      humidity.c
   3            * @author:    louiswoo
   4            * @version:   V1.0
   5            * @date:  2020-6-6
   6            * @brief: 湿度模块，
   7          *******************************************************************************/
   8          #include "config.h"
   9          #include "debug.h"
  10          #include "humidity.h"
  11          
  12          #define TASK_HUMIDITY_TIMER 100     //湿度任务调兜娜时间片定时值
  13          u8 task_humidity_timer;       //湿度任务计数器，初始设定为定时值
  14          
  15          #define Valve_ON_THRESHHOLD   3     //定义阀门打开的下限，小于3个灯打开
  16          #define Valve_OFF_THRESHHOLD  8     //定义阀门关闭的上限，大于8个灯关闭
  17          
  18          #define ADC_POWER_BIT 0x80    
  19          #define ADC_FLAG_BIT  0x10
  20          #define ADC_START_BIT 0x08
  21          #define ADC_SPEEDLL_BIT   0x00    //1080 clocks
  22          #define ADC_SPEEDL_BIT    0x20    //810 clocks
  23          #define ADC_SPEEDLH_BIT   0x40    //540 clocks
  24          #define ADC_SPEEDHHBIT    0x50    //270 clocks
  25          
  26          #define HUMI_ADC_CH 0x00
  27          
  28          u8 ValveStatus;
  29          /****************************************************************************************
  30            * @brief: 湿度任务初始化
  31            * @param: none
  32            * @retval:  none
  33          *****************************************************************************************/
  34          
  35          void task_HumidityInit(void)
  36          {
  37   1        P3M0 &= ~0x08;  //P33强推挽0
  38   1        P3M1 |= 0x08; //1
  39   1        RLY_pin = 0;
  40   1        
  41   1        P1M0 |=0x01;        //设置adc采集口为高阻态
  42   1        P1M1 |=0x01;
  43   1        DAT_pin = 1;
  44   1        ADC_DATA = 0;
  45   1        ADC_CONTR =ADC_POWER_BIT | ADC_SPEEDLL_BIT;
  46   1        task_humidity_timer = TASK_HUMIDITY_TIMER;
  47   1        ValveStatus = 0;
  48   1        ValveOff();
  49   1        
  50   1      }
  51          /****************************************************************************************
  52            * @brief: 把湿度指示灯全灭
  53            * @param: none
  54            * @retval:  none
C51 COMPILER V9.56.0.0   HUMIDUTY                                                          06/07/2020 12:51:14 PAGE 2   

  55          *****************************************************************************************/
  56          
  57          void LEDAllOff(void)
  58          {
  59   1          LED9_off();
  60   1          LED8_off();
  61   1          LED7_off();
  62   1          LED6_off();
  63   1          LED5_off();
  64   1          LED4_off();
  65   1          LED3_off();
  66   1          LED2_off();
  67   1          LED1_off();
  68   1          LED0_off();
  69   1      }
  70          /****************************************************************************************
  71            * @brief: 根据湿度变量0~10，调整指示灯显示
  72            * @param: humi
  73            * @retval:  none
  74          *****************************************************************************************/
  75          
  76          void HumiDisplay(u8 humi)
  77          {
  78   1        LEDAllOff();
  79   1        if(humi>=0 && humi <=10)
  80   1        {
  81   2          switch(humi)
  82   2          {
  83   3            case 10:
  84   3              LED9_on();
  85   3            case 9:
  86   3              LED8_on();
  87   3            case 8:
  88   3              LED7_on();
  89   3            case 7:
  90   3              LED6_on();
  91   3            case 6:
  92   3              LED5_on();
  93   3            case 5:
  94   3              LED4_on();
  95   3            case 4:
  96   3              LED3_on();
  97   3            case 3:
  98   3              LED2_on();
  99   3            case 2:
 100   3              LED1_on();
 101   3            case 1:
 102   3              LED0_on();
 103   3              break;
 104   3            default:
 105   3              break;
 106   3          }
 107   2        }
 108   1      }
 109          /****************************************************************************************
 110            * @brief: 根据湿度变量0~10，控制阀门打开关闭
 111            * @param: humi
 112            * @retval:  成功1，失败0
 113          *****************************************************************************************/
 114          u8  ValveControl(u8 humi)
 115          {
 116   1        if(humi > Valve_OFF_THRESHHOLD)
C51 COMPILER V9.56.0.0   HUMIDUTY                                                          06/07/2020 12:51:14 PAGE 3   

 117   1        {
 118   2          ValveOff();
 119   2          return 1;
 120   2        }
 121   1        else if(humi < Valve_ON_THRESHHOLD)
 122   1        {
 123   2          ValveOn();
 124   2          return 1;
 125   2        }
 126   1        else
 127   1        {
 128   2          return 0;
 129   2        }
 130   1      }
 131          /****************************************************************************************
 132            * @brief: 通过HUMI_ADC_CH 进行AD测量，获取湿度数据
 133            * @param: none
 134            * @retval:  ADC数据
 135          *****************************************************************************************/
 136          
 137          u8 HumiGet(void)
 138          {
 139   1        ADC_CONTR = ADC_POWER_BIT | ADC_SPEEDLL_BIT | HUMI_ADC_CH | ADC_START_BIT;
 140   1        _nop_();
 141   1        _nop_();
 142   1        _nop_();
 143   1        _nop_();
 144   1        while(!(ADC_CONTR & ADC_FLAG_BIT));     //等待adc转换完成
 145   1        ADC_CONTR &= ~ADC_FLAG_BIT;         //清adc标志
 146   1        
 147   1        return ADC_DATA;
 148   1      }
 149          /****************************************************************************************
 150            * @brief: 湿度任务，时间片计数器到时间后执行任务，
 151            获取湿度信息，打印，显示湿度指示灯
 152            * @param: none
 153            * @retval:  
 154          *****************************************************************************************/
 155          void task1_Humidity(void)
 156          {
 157   1        u8 humi_grade, humi_sense;
 158   1        u8 dat;
 159   1        if(task_humidity_timer == 0)    //如果计数器到时间执行任务
 160   1        {
 161   2          task_humidity_timer=TASK_HUMIDITY_TIMER;    //重新装载计数器
 162   2      
 163   2          if(SENSE_pin == 1)
 164   2            humi_sense = 1;
 165   2          else
 166   2            humi_sense = 0;
 167   2          dat = 0xff-HumiGet();
 168   2          humi_grade = (u8)((10*dat)/0xff + 0.5);     //计算湿度等级
 169   2          debug("   当前湿度：");
 170   2          debug_var((u16)(dat));
 171   2          if(humi_sense)
 172   2            debug("   快干死了，开阀\r\n");
 173   2          else
 174   2            debug("   水量充足，不开阀\r\n");
 175   2          HumiDisplay(humi_grade);                //显示湿度灯
 176   2          ValveControl(humi_grade);
 177   2          
 178   2        }
C51 COMPILER V9.56.0.0   HUMIDUTY                                                          06/07/2020 12:51:14 PAGE 4   

 179   1      }


MODULE INFORMATION:   STATIC OVERLAYABLE
   CODE SIZE        =    270    ----
   CONSTANT SIZE    =     53    ----
   XDATA SIZE       =   ----    ----
   PDATA SIZE       =   ----    ----
   DATA SIZE        =      2       3
   IDATA SIZE       =   ----    ----
   BIT SIZE         =   ----    ----
END OF MODULE INFORMATION.


C51 COMPILATION COMPLETE.  0 WARNING(S),  0 ERROR(S)
