C51 COMPILER V9.56.0.0   MAIN                                                              06/05/2020 17:07:17 PAGE 1   


C51 COMPILER V9.56.0.0, COMPILATION OF MODULE MAIN
OBJECT MODULE PLACED IN .\Objects\main.obj
COMPILER INVOKED BY: d:\Keil_C51\C51\BIN\C51.EXE prj\main.c ROM(SMALL) OPTIMIZE(8,SPEED) BROWSE DEBUG OBJECTEXTEND PRINT
                    -(.\Listings\main.lst) TABS(2) OBJECT(.\Objects\main.obj)

line level    source

   1          #include "config.h"
   2          #include "sys_tick.h"
   3          #include "debug.h"
   4          #include "humidity.h"
   5          
   6          void main(void)
   7          {
   8   1        EA=0;
   9   1        sys_tick_init();
  10   1        UsartInit();
  11   1        task_HumidityInit();
  12   1        
  13   1        EA=1;
  14   1      
  15   1        while(1)
  16   1        {
  17   2          task0_Clock();
  18   2          task1_Humidity();
  19   2        }
  20   1      }


MODULE INFORMATION:   STATIC OVERLAYABLE
   CODE SIZE        =     16    ----
   CONSTANT SIZE    =   ----    ----
   XDATA SIZE       =   ----    ----
   PDATA SIZE       =   ----    ----
   DATA SIZE        =   ----    ----
   IDATA SIZE       =   ----    ----
   BIT SIZE         =   ----    ----
END OF MODULE INFORMATION.


C51 COMPILATION COMPLETE.  0 WARNING(S),  0 ERROR(S)
